// Jest Snapshot v1, https://goo.gl/fbAQLP

exports[`renders correctly 1`] = `
<p
  className="quotes-para"
>
  Mathematics is not about numbers, equations, computations or algorithms: it's about understanding -William Paul Thurston
</p>
`;
